// Jest Snapshot v1, https://goo.gl/fbAQLP

exports[`<Root /> renders as expected 1`] = `<AppLoading />`;
